// Vitest Snapshot v1, https://vitest.dev/guide/snapshot.html

exports[`ai/generateText > basic 1`] = `"The sky appears blue because of the way light interacts with water droplets in the atmosphere. When sunlight passes through water droplets, it refracts and散射, causing the scattered light to appear blue. This phenomenon is known as Rayleigh scattering, and it's why we perceive the sky as blue even though it's mostly composed of air."`;

exports[`ai/generateText > basic 2`] = `
[
  SpanImpl {
    "_attributeValueLengthLimit": Infinity,
    "_droppedAttributesCount": 0,
    "_droppedEventsCount": 0,
    "_droppedLinksCount": 0,
    "_duration": [
      1,
      606308880,
    ],
    "_ended": true,
    "_performanceOffset": -0.889404296875,
    "_performanceStartTime": 2215.223302,
    "_spanContext": {
      "spanId": "3da2c43d2af59aad",
      "traceFlags": 1,
      "traceId": "21b2b9ca32e1a20f62e250e3418c2623",
      "traceState": undefined,
    },
    "_spanLimits": {
      "attributeCountLimit": 128,
      "attributePerEventCountLimit": 128,
      "attributePerLinkCountLimit": 128,
      "attributeValueLengthLimit": Infinity,
      "eventCountLimit": 128,
      "linkCountLimit": 128,
    },
    "_spanProcessor": MultiSpanProcessor {
      "_spanProcessors": [
        SimpleSpanProcessor {
          "_exporter": InMemorySpanExporter {
            "_finishedSpans": [Circular],
            "_stopped": false,
          },
          "_pendingExports": Set {
            Promise {},
            Promise {},
          },
          "_shutdownOnce": BindOnceFuture {
            "_callback": [Function],
            "_deferred": Deferred {
              "_promise": Promise {},
              "_reject": [Function],
              "_resolve": [Function],
            },
            "_isCalled": false,
            "_that": [Circular],
          },
        },
      ],
    },
    "_startTimeProvided": false,
    "attributes": {
      "ai.model.id": "qwen3:0.6b",
      "ai.model.provider": "ollama.responses",
      "ai.operationId": "ai.generateText.doGenerate",
      "ai.prompt.messages": "[{"role":"user","content":[{"type":"text","text":"Why is the sky blue?"}]}]",
      "ai.response.finishReason": "stop",
      "ai.response.id": "aitxt-yWxfJHYhJPGGv0WvcFLtHVr8",
      "ai.response.model": "qwen3:0.6b",
      "ai.response.providerMetadata": "{"ollama":{}}",
      "ai.response.text": "The sky appears blue because of the way light interacts with water droplets in the atmosphere. When sunlight passes through water droplets, it refracts and散射, causing the scattered light to appear blue. This phenomenon is known as Rayleigh scattering, and it's why we perceive the sky as blue even though it's mostly composed of air.",
      "ai.response.timestamp": "2025-08-30T11:13:37.702Z",
      "ai.settings.maxRetries": 2,
      "ai.settings.seed": 114514,
      "ai.usage.completionTokens": 70,
      "ai.usage.promptTokens": 22,
      "gen_ai.request.model": "qwen3:0.6b",
      "gen_ai.response.finish_reasons": [
        "stop",
      ],
      "gen_ai.response.id": "aitxt-yWxfJHYhJPGGv0WvcFLtHVr8",
      "gen_ai.response.model": "qwen3:0.6b",
      "gen_ai.system": "ollama.responses",
      "gen_ai.usage.input_tokens": 22,
      "gen_ai.usage.output_tokens": 70,
      "operation.name": "ai.generateText.doGenerate",
    },
    "endTime": [
      1756552417,
      702308880,
    ],
    "events": [],
    "instrumentationScope": {
      "name": "ai",
      "schemaUrl": undefined,
      "version": undefined,
    },
    "kind": 0,
    "links": [],
    "name": "ai.generateText.doGenerate",
    "parentSpanContext": {
      "spanId": "d002742514de4879",
      "traceFlags": 1,
      "traceId": "21b2b9ca32e1a20f62e250e3418c2623",
      "traceState": undefined,
    },
    "resource": ResourceImpl {
      "_asyncAttributesPending": false,
      "_memoizedAttributes": undefined,
      "_rawAttributes": [
        [
          "service.name",
          "unknown_service:/nix/store/mqf6vklgxgh9qpmvnd4kp6vh5cvll306-nodejs-24.4.1/bin/node",
        ],
        [
          "telemetry.sdk.language",
          "nodejs",
        ],
        [
          "telemetry.sdk.name",
          "opentelemetry",
        ],
        [
          "telemetry.sdk.version",
          "2.0.1",
        ],
      ],
    },
    "startTime": [
      1756552416,
      96000000,
    ],
    "status": {
      "code": 0,
    },
  },
  SpanImpl {
    "_attributeValueLengthLimit": Infinity,
    "_droppedAttributesCount": 0,
    "_droppedEventsCount": 0,
    "_droppedLinksCount": 0,
    "_duration": [
      1,
      609704903,
    ],
    "_ended": true,
    "_performanceOffset": -0.4951171875,
    "_performanceStartTime": 2213.829092,
    "_spanContext": {
      "spanId": "d002742514de4879",
      "traceFlags": 1,
      "traceId": "21b2b9ca32e1a20f62e250e3418c2623",
      "traceState": undefined,
    },
    "_spanLimits": {
      "attributeCountLimit": 128,
      "attributePerEventCountLimit": 128,
      "attributePerLinkCountLimit": 128,
      "attributeValueLengthLimit": Infinity,
      "eventCountLimit": 128,
      "linkCountLimit": 128,
    },
    "_spanProcessor": MultiSpanProcessor {
      "_spanProcessors": [
        SimpleSpanProcessor {
          "_exporter": InMemorySpanExporter {
            "_finishedSpans": [Circular],
            "_stopped": false,
          },
          "_pendingExports": Set {
            Promise {},
            Promise {},
          },
          "_shutdownOnce": BindOnceFuture {
            "_callback": [Function],
            "_deferred": Deferred {
              "_promise": Promise {},
              "_reject": [Function],
              "_resolve": [Function],
            },
            "_isCalled": false,
            "_that": [Circular],
          },
        },
      ],
    },
    "_startTimeProvided": false,
    "attributes": {
      "ai.model.id": "qwen3:0.6b",
      "ai.model.provider": "ollama.responses",
      "ai.operationId": "ai.generateText",
      "ai.prompt": "{"prompt":"Why is the sky blue?"}",
      "ai.response.finishReason": "stop",
      "ai.response.providerMetadata": "{"ollama":{}}",
      "ai.response.text": "The sky appears blue because of the way light interacts with water droplets in the atmosphere. When sunlight passes through water droplets, it refracts and散射, causing the scattered light to appear blue. This phenomenon is known as Rayleigh scattering, and it's why we perceive the sky as blue even though it's mostly composed of air.",
      "ai.settings.maxRetries": 2,
      "ai.settings.seed": 114514,
      "ai.usage.completionTokens": 70,
      "ai.usage.promptTokens": 22,
      "operation.name": "ai.generateText",
    },
    "endTime": [
      1756552417,
      704704903,
    ],
    "events": [],
    "instrumentationScope": {
      "name": "ai",
      "schemaUrl": undefined,
      "version": undefined,
    },
    "kind": 0,
    "links": [],
    "name": "ai.generateText",
    "parentSpanContext": undefined,
    "resource": ResourceImpl {
      "_asyncAttributesPending": false,
      "_memoizedAttributes": undefined,
      "_rawAttributes": [
        [
          "service.name",
          "unknown_service:/nix/store/mqf6vklgxgh9qpmvnd4kp6vh5cvll306-nodejs-24.4.1/bin/node",
        ],
        [
          "telemetry.sdk.language",
          "nodejs",
        ],
        [
          "telemetry.sdk.name",
          "opentelemetry",
        ],
        [
          "telemetry.sdk.version",
          "2.0.1",
        ],
      ],
    },
    "startTime": [
      1756552416,
      95000000,
    ],
    "status": {
      "code": 0,
    },
  },
]
`;
