// Vitest Snapshot v1, https://vitest.dev/guide/snapshot.html

exports[`ai/generateText > basic 1`] = `"The sky appears blue because of the scattering of sunlight by the atmosphere. When sunlight hits Earth's atmosphere, it is scattered by the molecules and particles in the air, causing the sky to appear blue. The color we perceive is due to the specific wavelength of sunlight that is scattered most efficiently by the atmosphere. This natural process is why the sky has a blue hue."`;

exports[`ai/generateText > basic 2`] = `
[
  SpanImpl {
    "_attributeValueLengthLimit": Infinity,
    "_droppedAttributesCount": 0,
    "_droppedEventsCount": 0,
    "_droppedLinksCount": 0,
    "_duration": [
      0,
      379107135,
    ],
    "_ended": true,
    "_performanceOffset": -0.770751953125,
    "_performanceStartTime": 2002.296618,
    "_spanContext": {
      "spanId": "a1ffb28911e12ec9",
      "traceFlags": 1,
      "traceId": "05ec29c71e05380ca9328965d4ebcdb9",
      "traceState": undefined,
    },
    "_spanLimits": {
      "attributeCountLimit": 128,
      "attributePerEventCountLimit": 128,
      "attributePerLinkCountLimit": 128,
      "attributeValueLengthLimit": Infinity,
      "eventCountLimit": 128,
      "linkCountLimit": 128,
    },
    "_spanProcessor": MultiSpanProcessor {
      "_spanProcessors": [
        SimpleSpanProcessor {
          "_exporter": InMemorySpanExporter {
            "_finishedSpans": [Circular],
            "_stopped": false,
          },
          "_pendingExports": Set {
            Promise {},
            Promise {},
          },
          "_shutdownOnce": BindOnceFuture {
            "_callback": [Function],
            "_deferred": Deferred {
              "_promise": Promise {},
              "_reject": [Function],
              "_resolve": [Function],
            },
            "_isCalled": false,
            "_that": [Circular],
          },
        },
      ],
    },
    "_startTimeProvided": false,
    "attributes": {
      "ai.model.id": "qwen3:0.6b",
      "ai.model.provider": "ollama.responses",
      "ai.operationId": "ai.generateText.doGenerate",
      "ai.prompt.messages": "[{"role":"user","content":[{"type":"text","text":"Why is the sky blue?"}]}]",
      "ai.response.finishReason": "stop",
      "ai.response.id": "aitxt-AeesYtotKGUP9pDlQUYWnSov",
      "ai.response.model": "qwen3:0.6b",
      "ai.response.providerMetadata": "{"ollama":{}}",
      "ai.response.text": "The sky appears blue because of the scattering of sunlight by the atmosphere. When sunlight hits Earth's atmosphere, it is scattered by the molecules and particles in the air, causing the sky to appear blue. The color we perceive is due to the specific wavelength of sunlight that is scattered most efficiently by the atmosphere. This natural process is why the sky has a blue hue.",
      "ai.response.timestamp": "2025-08-30T12:13:55.572Z",
      "ai.settings.maxRetries": 2,
      "ai.settings.seed": 114514,
      "ai.usage.completionTokens": 74,
      "ai.usage.promptTokens": 22,
      "gen_ai.request.model": "qwen3:0.6b",
      "gen_ai.response.finish_reasons": [
        "stop",
      ],
      "gen_ai.response.id": "aitxt-AeesYtotKGUP9pDlQUYWnSov",
      "gen_ai.response.model": "qwen3:0.6b",
      "gen_ai.system": "ollama.responses",
      "gen_ai.usage.input_tokens": 22,
      "gen_ai.usage.output_tokens": 74,
      "operation.name": "ai.generateText.doGenerate",
    },
    "endTime": [
      1756556035,
      573107135,
    ],
    "events": [],
    "instrumentationScope": {
      "name": "ai",
      "schemaUrl": undefined,
      "version": undefined,
    },
    "kind": 0,
    "links": [],
    "name": "ai.generateText.doGenerate",
    "parentSpanContext": {
      "spanId": "fbbafb611dd9f4d3",
      "traceFlags": 1,
      "traceId": "05ec29c71e05380ca9328965d4ebcdb9",
      "traceState": undefined,
    },
    "resource": ResourceImpl {
      "_asyncAttributesPending": false,
      "_memoizedAttributes": undefined,
      "_rawAttributes": [
        [
          "service.name",
          "unknown_service:/nix/store/mqf6vklgxgh9qpmvnd4kp6vh5cvll306-nodejs-24.4.1/bin/node",
        ],
        [
          "telemetry.sdk.language",
          "nodejs",
        ],
        [
          "telemetry.sdk.name",
          "opentelemetry",
        ],
        [
          "telemetry.sdk.version",
          "2.0.1",
        ],
      ],
    },
    "startTime": [
      1756556035,
      194000000,
    ],
    "status": {
      "code": 0,
    },
  },
  SpanImpl {
    "_attributeValueLengthLimit": Infinity,
    "_droppedAttributesCount": 0,
    "_droppedEventsCount": 0,
    "_droppedLinksCount": 0,
    "_duration": [
      0,
      383927709,
    ],
    "_ended": true,
    "_performanceOffset": -0.71044921875,
    "_performanceStartTime": 2001.236369,
    "_spanContext": {
      "spanId": "fbbafb611dd9f4d3",
      "traceFlags": 1,
      "traceId": "05ec29c71e05380ca9328965d4ebcdb9",
      "traceState": undefined,
    },
    "_spanLimits": {
      "attributeCountLimit": 128,
      "attributePerEventCountLimit": 128,
      "attributePerLinkCountLimit": 128,
      "attributeValueLengthLimit": Infinity,
      "eventCountLimit": 128,
      "linkCountLimit": 128,
    },
    "_spanProcessor": MultiSpanProcessor {
      "_spanProcessors": [
        SimpleSpanProcessor {
          "_exporter": InMemorySpanExporter {
            "_finishedSpans": [Circular],
            "_stopped": false,
          },
          "_pendingExports": Set {
            Promise {},
            Promise {},
          },
          "_shutdownOnce": BindOnceFuture {
            "_callback": [Function],
            "_deferred": Deferred {
              "_promise": Promise {},
              "_reject": [Function],
              "_resolve": [Function],
            },
            "_isCalled": false,
            "_that": [Circular],
          },
        },
      ],
    },
    "_startTimeProvided": false,
    "attributes": {
      "ai.model.id": "qwen3:0.6b",
      "ai.model.provider": "ollama.responses",
      "ai.operationId": "ai.generateText",
      "ai.prompt": "{"prompt":"Why is the sky blue?"}",
      "ai.response.finishReason": "stop",
      "ai.response.providerMetadata": "{"ollama":{}}",
      "ai.response.text": "The sky appears blue because of the scattering of sunlight by the atmosphere. When sunlight hits Earth's atmosphere, it is scattered by the molecules and particles in the air, causing the sky to appear blue. The color we perceive is due to the specific wavelength of sunlight that is scattered most efficiently by the atmosphere. This natural process is why the sky has a blue hue.",
      "ai.settings.maxRetries": 2,
      "ai.settings.seed": 114514,
      "ai.usage.completionTokens": 74,
      "ai.usage.promptTokens": 22,
      "operation.name": "ai.generateText",
    },
    "endTime": [
      1756556035,
      576927709,
    ],
    "events": [],
    "instrumentationScope": {
      "name": "ai",
      "schemaUrl": undefined,
      "version": undefined,
    },
    "kind": 0,
    "links": [],
    "name": "ai.generateText",
    "parentSpanContext": undefined,
    "resource": ResourceImpl {
      "_asyncAttributesPending": false,
      "_memoizedAttributes": undefined,
      "_rawAttributes": [
        [
          "service.name",
          "unknown_service:/nix/store/mqf6vklgxgh9qpmvnd4kp6vh5cvll306-nodejs-24.4.1/bin/node",
        ],
        [
          "telemetry.sdk.language",
          "nodejs",
        ],
        [
          "telemetry.sdk.name",
          "opentelemetry",
        ],
        [
          "telemetry.sdk.version",
          "2.0.1",
        ],
      ],
    },
    "startTime": [
      1756556035,
      193000000,
    ],
    "status": {
      "code": 0,
    },
  },
]
`;
