// Vitest Snapshot v1, https://vitest.dev/guide/snapshot.html

exports[`streamText > basic 1`] = `"YES"`;

exports[`streamText > basic 2`] = `
[
  "chat granite4:1b-h",
]
`;

exports[`streamText > basic 3`] = `
[
  {
    "gen_ai.input.messages": "[
  {
    "content": "This is a test, so please answer 'YES' and nothing else.",
    "role": "user"
  }
]",
    "gen_ai.operation.name": "chat",
    "gen_ai.output.messages": "[
  {
    "content": "YES",
    "role": "assistant"
  }
]",
    "gen_ai.provider.name": "openai",
    "gen_ai.request.choice.count": 1,
    "gen_ai.request.model": "granite4:1b-h",
    "gen_ai.request.seed": 114514,
    "gen_ai.response.finish_reasons": [
      "stop",
    ],
    "gen_ai.response.model": "granite4:1b-h",
    "gen_ai.usage.input_tokens": 45,
    "gen_ai.usage.output_tokens": 2,
    "server.address": "localhost:11434",
  },
]
`;
