// Vitest Snapshot v1, https://vitest.dev/guide/snapshot.html

exports[`@xsai-ext/responses basic > basic 1`] = `"Hello! How can I assist you today?"`;

exports[`@xsai-ext/responses basic > basic 2`] = `
[
  {
    "response": {
      "id": "resp_802220",
      "object": "response",
      "output": [],
      "status": "in_progress",
    },
    "sequence_number": 0,
    "type": "response.created",
  },
  {
    "response": {
      "id": "resp_802220",
      "object": "response",
      "output": [],
      "status": "in_progress",
    },
    "sequence_number": 1,
    "type": "response.in_progress",
  },
  {
    "item": {
      "content": [],
      "id": "msg_308661",
      "role": "assistant",
      "status": "in_progress",
      "type": "message",
    },
    "output_index": 0,
    "sequence_number": 2,
    "type": "response.output_item.added",
  },
  {
    "content_index": 0,
    "item_id": "msg_308661",
    "output_index": 0,
    "part": {
      "text": "",
      "type": "output_text",
    },
    "sequence_number": 3,
    "type": "response.content_part.added",
  },
  {
    "content_index": 0,
    "delta": "Hello",
    "item_id": "msg_308661",
    "output_index": 0,
    "sequence_number": 4,
    "type": "response.output_text.delta",
  },
  {
    "content_index": 0,
    "delta": "!",
    "item_id": "msg_308661",
    "output_index": 0,
    "sequence_number": 5,
    "type": "response.output_text.delta",
  },
  {
    "content_index": 0,
    "delta": " How",
    "item_id": "msg_308661",
    "output_index": 0,
    "sequence_number": 6,
    "type": "response.output_text.delta",
  },
  {
    "content_index": 0,
    "delta": " can",
    "item_id": "msg_308661",
    "output_index": 0,
    "sequence_number": 7,
    "type": "response.output_text.delta",
  },
  {
    "content_index": 0,
    "delta": " I",
    "item_id": "msg_308661",
    "output_index": 0,
    "sequence_number": 8,
    "type": "response.output_text.delta",
  },
  {
    "content_index": 0,
    "delta": " assist",
    "item_id": "msg_308661",
    "output_index": 0,
    "sequence_number": 9,
    "type": "response.output_text.delta",
  },
  {
    "content_index": 0,
    "delta": " you",
    "item_id": "msg_308661",
    "output_index": 0,
    "sequence_number": 10,
    "type": "response.output_text.delta",
  },
  {
    "content_index": 0,
    "delta": " today",
    "item_id": "msg_308661",
    "output_index": 0,
    "sequence_number": 11,
    "type": "response.output_text.delta",
  },
  {
    "content_index": 0,
    "delta": "?",
    "item_id": "msg_308661",
    "output_index": 0,
    "sequence_number": 12,
    "type": "response.output_text.delta",
  },
  {
    "content_index": 0,
    "item_id": "msg_308661",
    "output_index": 0,
    "sequence_number": 13,
    "text": "Hello! How can I assist you today?",
    "type": "response.output_text.done",
  },
  {
    "content_index": 0,
    "item_id": "msg_308661",
    "output_index": 0,
    "part": {
      "text": "Hello! How can I assist you today?",
      "type": "output_text",
    },
    "sequence_number": 14,
    "type": "response.content_part.done",
  },
  {
    "item": {
      "content": [
        {
          "text": "Hello! How can I assist you today?",
          "type": "output_text",
        },
      ],
      "id": "msg_308661",
      "role": "assistant",
      "status": "completed",
      "type": "message",
    },
    "output_index": 0,
    "sequence_number": 15,
    "type": "response.output_item.done",
  },
  {
    "response": {
      "id": "resp_802220",
      "object": "response",
      "output": [
        {
          "content": [
            {
              "text": "Hello! How can I assist you today?",
              "type": "output_text",
            },
          ],
          "id": "msg_308661",
          "role": "assistant",
          "status": "completed",
          "type": "message",
        },
      ],
      "status": "completed",
      "usage": {
        "input_tokens": 21,
        "output_tokens": 10,
        "total_tokens": 31,
      },
    },
    "sequence_number": 16,
    "type": "response.completed",
  },
]
`;
